// Jest Snapshot v1, https://goo.gl/fbAQLP

exports[`Test renders correctly 1`] = `
<header
  className="site-header site-header--sidebar"
>
  <div
    className="wrap"
  >
    <div
      className="site-header__container"
    >
      <div
        className="site-header__container--primary"
      >
        <div
          className="site-branding"
        >
          <p
            className="site-branding__title site-title"
          >
            <a
              href="/"
            >
              My Title
            </a>
          </p>
        </div>
      </div>
    </div>
  </div>
</header>
`;
